******************************************************************************
                  TI ARM Linker PC v20.2.0                     
******************************************************************************
>> Linked Sat Jan 23 15:03:32 2021

OUTPUT FILE NAME:   <IPIA freeRTOS ccs.out>
ENTRY POINT SYMBOL: "resetISR"  address: 0000889d


MEMORY CONFIGURATION

         name            origin    length      used     unused   attr    fill
----------------------  --------  ---------  --------  --------  ----  --------
  MAIN                  00000000   00040000  00008fca  00037036  R  X
  INFO                  00200000   00004000  00000000  00004000  R  X
  SRAM_CODE             01000000   00010000  000097be  00006842  RW X
  SRAM_DATA             20000000   00010000  000097be  00006842  RW  


SEGMENT ALLOCATION MAP

run origin  load origin   length   init length attrs members
----------  ----------- ---------- ----------- ----- -------
00000000    00000000    00008fd0   00008fd0    r-x
  00000000    00000000    00000144   00000144    r-- .intvecs
  00000144    00000144    00008970   00008970    r-x .text
  00008ab4    00008ab4    00000446   00000446    r-- .const
  00008f00    00008f00    000000d0   000000d0    r-- .cinit
20000000    20000000    000092d8   00000000    rw-
  20000000    20000000    00008784   00000000    rw- .bss
  20008784    20008784    00000b42   00000000    rw- .data
  200092c8    200092c8    00000010   00000000    rw- .sysmem
20009400    20009400    000000e8   00000000    rw-
  20009400    20009400    000000e8   00000000    rw- .vtable
2000fc00    2000fc00    00000400   00000000    rw-
  2000fc00    2000fc00    00000400   00000000    rw- .stack


SECTION ALLOCATION MAP

 output                                  attributes/
section   page    origin      length       input sections
--------  ----  ----------  ----------   ----------------
.text      0    00000144    00008970     
                  00000144    000002f8     drivers_msp432p401x.aem4f : PowerMSP432.oem4f (.text:Power_sleep)
                  0000043c    000002d0                               : UARTMSP432.oem4f (.text:UARTMSP432_open)
                  0000070c    00000288                               : PowerMSP432.oem4f (.text:initPerfControl)
                  00000994    00000208                               : PWMTimerMSP432.oem4f (.text:PWMTimerMSP432_open)
                  00000b9c    000001d0     freertos_builds_MSP_EXP432P401R_release_ccs.lib : queue.obj (.text:xQueueSemaphoreTake)
                  00000d6c    000001b8     GPS.obj (.text:str_to_double)
                  00000f24    000001b8     freertos_builds_MSP_EXP432P401R_release_ccs.lib : queue.obj (.text:xQueueGenericSend)
                  000010dc    000001b6     rtsv7M4_T_le_v4SPD16_eabi.lib : fd_add_t2.asm.obj (.text)
                  00001292    00000002     ti_drivers_config.obj (.text:Board_initHook)
                  00001294    00000184     freertos_builds_MSP_EXP432P401R_release_ccs.lib : heap_4.obj (.text:pvPortMalloc)
                  00001418    0000017c                                                     : queue.obj (.text:xQueueReceive)
                  00001594    00000170     drivers_msp432p401x.aem4f : GPIOMSP432.oem4f (.text:GPIO_setConfig)
                  00001704    0000016c     bluetooth.obj (.text:bluetooth_float)
                  00001870    00000164     freertos_builds_MSP_EXP432P401R_release_ccs.lib : timers.obj (.text:prvProcessReceivedCommands)
                  000019d4    00000160     msp432p4xx_driverlib.lib : adc14.o (.text:_getIndexForMemRegister)
                  00001b34    0000014c     drivers_msp432p401x.aem4f : TimerMSP432.oem4f (.text:TimerMSP432_open)
                  00001c80    00000140     freertos_builds_MSP_EXP432P401R_release_ccs.lib : tasks.obj (.text:xTaskIncrementTick)
                  00001dc0    00000138                                                     : pthread.obj (.text:pthread_create)
                  00001ef8    00000136     rtsv7M4_T_le_v4SPD16_eabi.lib : fd_div_t2.asm.obj (.text)
                  0000202e    00000002     msp432p4xx_driverlib.lib : interrupt.o (.text:IntDefaultHandler)
                  00002030    00000134     ipia.obj (.text:solarTrackerThread)
                  00002164    00000128     freertos_builds_MSP_EXP432P401R_release_ccs.lib : tasks.obj (.text:prvInitialiseNewTask)
                  0000228c    0000011c     msp432p4xx_driverlib.lib : uart.o (.text:UART_initModule)
                  000023a8    0000011c     freertos_builds_MSP_EXP432P401R_release_ccs.lib : tasks.obj (.text:xTaskResumeAll)
                  000024c4    00000114     drivers_msp432p401x.aem4f : PWMTimerMSP432.oem4f (.text:PWMTimerMSP432_setPeriod)
                  000025d8    0000010a     freertos_builds_MSP_EXP432P401R_release_ccs.lib : queue.obj (.text:xQueueGenericSendFromISR)
                  000026e2    00000002     drivers_msp432p401x.aem4f : PWMTimerMSP432.oem4f (.text:PWMTimerMSP432_init)
                  000026e4    00000104     msp432p4xx_driverlib.lib : cs.o (.text:_CSComputeCLKFrequency)
                  000027e8    00000104     freertos_builds_MSP_EXP432P401R_release_ccs.lib : tasks.obj (.text:vTaskPriorityDisinheritAfterTimeout)
                  000028ec    00000100     bluetooth.obj (.text:bluetooth_sprintf)
                  000029ec    00000100     freertos_builds_MSP_EXP432P401R_release_ccs.lib : tasks.obj (.text:vTaskDelete)
                  00002aec    000000fc     drivers_msp432p401x.aem4f : ADCMSP432.oem4f (.text:ADCMSP432_convert)
                  00002be8    000000fc     rtsv7M4_T_le_v4SPD16_eabi.lib : fd_mul_t2.asm.obj (.text)
                  00002ce4    000000fc     freertos_builds_MSP_EXP432P401R_release_ccs.lib : tasks.obj (.text:vTaskSuspend)
                  00002de0    000000f8     msp432p4xx_driverlib.lib : cs.o (.text:CS_getDCOFrequency)
                  00002ed8    000000f0     freertos_builds_MSP_EXP432P401R_release_ccs.lib : queue.obj (.text:xQueueGiveFromISR)
                  00002fc8    000000e4     msp432p4xx_driverlib.lib : cs.o (.text:CS_startHFXTWithTimeout)
                  000030ac    000000e0                              : cs.o (.text:CS_startLFXTWithTimeout)
                  0000318c    000000e0     freertos_builds_MSP_EXP432P401R_release_ccs.lib : tasks.obj (.text:xTaskPriorityDisinherit)
                  0000326c    000000dc     drivers_msp432p401x.aem4f : UARTMSP432.oem4f (.text:UARTMSP432_readPolling)
                  00003348    000000dc     msp432p4xx_driverlib.lib : cs.o (.text:_CSGetHFXTFrequency)
                  00003424    000000dc     freertos_builds_MSP_EXP432P401R_release_ccs.lib : tasks.obj (.text:vTaskSwitchContext)
                  00003500    000000da                                                     : portasm.obj (.text)
                  000035da    00000002                                                     : PowerMSP432_freertos.obj (.text:PowerMSP432_initPolicy)
                  000035dc    000000d8     GPS.obj (.text:latitudeDegrees)
                  000036b4    000000d8     GPS.obj (.text:longitudeDegrees)
                  0000378c    000000d8     freertos_builds_MSP_EXP432P401R_release_ccs.lib : queue.obj (.text:xQueueReceiveFromISR)
                  00003864    000000d4                                                     : tasks.obj (.text:xTaskPriorityInherit)
                  00003938    000000d0                                                     : port.obj (.text:xPortStartScheduler)
                  00003a08    000000cc     sim33eau.obj (.text:GPS_read)
                  00003ad4    000000ca     drivers_msp432p401x.aem4f : UARTMSP432.oem4f (.text:UARTMSP432_hwiIntFxn)
                  00003b9e    00000002                               : TimerMSP432.oem4f (.text:TimerMSP432_init)
                  00003ba0    000000c8                               : TimerMSP432.oem4f (.text:TimerMSP432_start)
                  00003c68    000000c4     freertos_builds_MSP_EXP432P401R_release_ccs.lib : tasks.obj (.text:prvAddNewTaskToReadyList)
                  00003d2c    000000bc     drivers_msp432p401x.aem4f : TimerMSP432.oem4f (.text:TimerMSP432_setPeriod)
                  00003de8    000000bc     freertos_builds_MSP_EXP432P401R_release_ccs.lib : queue.obj (.text:prvCopyDataToQueue)
                  00003ea4    000000bc                                                     : heap_4.obj (.text:prvHeapInit)
                  00003f60    000000bc                                                     : timers.obj (.text:prvSwitchTimerLists)
                  0000401c    000000bc     GPS.obj (.text:token)
                  000040d8    000000b8     drivers_msp432p401x.aem4f : UARTMSP432.oem4f (.text:initHw)
                  00004190    000000b8                               : UARTMSP432.oem4f (.text:readTaskCallback)
                  00004248    000000b8     freertos_builds_MSP_EXP432P401R_release_ccs.lib : queue.obj (.text:xQueueGenericReset)
                  00004300    000000b4     msp432p4xx_driverlib.lib : adc14.o (.text:ADC14_configureConversionMemory)
                  000043b4    000000b4     drivers_msp432p401x.aem4f : UARTMSP432.oem4f (.text:UARTMSP432_control)
                  00004468    000000b4                               : UARTMSP432.oem4f (.text:UARTMSP432_writePolling)
                  0000451c    000000b0     freertos_builds_MSP_EXP432P401R_release_ccs.lib : tasks.obj (.text:prvAddCurrentTaskToDelayedList)
                  000045cc    000000b0                                                     : tasks.obj (.text:xTaskCheckForTimeOut)
                  0000467c    000000ae                                                     : queue.obj (.text:prvUnlockQueue)
                  0000472a    00000002     drivers_msp432p401x.aem4f : UARTMSP432.oem4f (.text:UARTMSP432_init)
                  0000472c    000000ac                               : GPIOMSP432.oem4f (.text:GPIO_init)
                  000047d8    000000a8                               : UARTMSP432.oem4f (.text:UARTMSP432_write)
                  00004880    000000a8     freertos_builds_MSP_EXP432P401R_release_ccs.lib : heap_4.obj (.text:prvInsertBlockIntoFreeList)
                  00004928    000000a8     drivers_msp432p401x.aem4f : UARTMSP432.oem4f (.text:readTaskBlocking)
                  000049d0    000000a8     freertos_builds_MSP_EXP432P401R_release_ccs.lib : heap_4.obj (.text:vPortFree)
                  00004a78    000000a8                                                     : tasks.obj (.text:xTaskRemoveFromEventList)
                  00004b20    000000a4     drivers_msp432p401x.aem4f : PWMTimerMSP432.oem4f (.text:PWMTimerMSP432_stop)
                  00004bc4    000000a4                               : TimerMSP432.oem4f (.text:initTimerHardware)
                  00004c68    000000a0     freertos_builds_MSP_EXP432P401R_release_ccs.lib : ClockP_freertos.obj (.text:ClockP_create)
                  00004d08    000000a0     drivers_msp432p401x.aem4f : UARTMSP432.oem4f (.text:readIsrTextCallback)
                  00004da8    0000009c                               : PowerMSP432.oem4f (.text:Power_init)
                  00004e44    0000009c     rtsv7M4_T_le_v4SPD16_eabi.lib : memcpy_t2.asm.obj (.text)
                  00004ee0    0000009c     drivers_msp432p401x.aem4f : TimerMSP432.oem4f (.text:setT32TickCount)
                  00004f7c    0000009c                               : TimerMSP432.oem4f (.text:setTATickCount)
                  00005018    0000009a     bluetooth.obj (.text:bluetooth_integer)
                  000050b2    00000096     rtsv7M4_T_le_v4SPD16_eabi.lib : ull_div_t2.asm.obj (.text)
                  00005148    00000094     drivers_msp432p401x.aem4f : PWMTimerMSP432.oem4f (.text:PWMTimerMSP432_setDuty)
                  000051dc    00000094     msp432p4xx_driverlib.lib : sysctl_a.o (.text:SysCtl_A_getTLVInfo)
                  00005270    00000094     main_freertos.obj (.text:main)
                  00005304    00000094     freertos_builds_MSP_EXP432P401R_release_ccs.lib : tasks.obj (.text:vTaskStartScheduler)
                  00005398    00000092     drivers_msp432p401x.aem4f : UARTMSP432.oem4f (.text:UARTMSP432_close)
                  0000542a    00000002     freertos_builds_MSP_EXP432P401R_release_ccs.lib : startup_msp432_ccs.obj (.text:defaultISR)
                  0000542c    00000092     GPS.obj (.text:setGnrmc)
                  000054be    00000092     drivers_msp432p401x.aem4f : UARTMSP432.oem4f (.text:writeData)
                  00005550    00000090     sim33eau.obj (.text:isSubstring)
                  000055e0    0000008c     drivers_msp432p401x.aem4f : ADCMSP432.oem4f (.text:ADCMSP432_open)
                  0000566c    0000008c                               : TimerMSP432.oem4f (.text:TimerMSP432_stop)
                  000056f8    0000008c                               : UARTMSP432.oem4f (.text:readIsrTextBlocking)
                  00005784    00000088     sim33eau.obj (.text:GPS_init)
                  0000580c    00000088     drivers_msp432p401x.aem4f : PWMTimerMSP432.oem4f (.text:PWMTimerMSP432_close)
                  00005894    00000088     freertos_builds_MSP_EXP432P401R_release_ccs.lib : timers.obj (.text:prvProcessTimerOrBlockTask)
                  0000591c    00000084     drivers_msp432p401x.aem4f : PWMTimerMSP432.oem4f (.text:PWMTimerMSP432_start)
                  000059a0    00000084                               : PowerMSP432.oem4f (.text:restartHFXT)
                  00005a24    00000084     freertos_builds_MSP_EXP432P401R_release_ccs.lib : timers.obj (.text:xTimerGenericCommand)
                  00005aa8    00000080     msp432p4xx_driverlib.lib : interrupt.o (.text:Interrupt_disableInterrupt)
                  00005b28    00000080                              : interrupt.o (.text:Interrupt_enableInterrupt)
                  00005ba8    00000080     freertos_builds_MSP_EXP432P401R_release_ccs.lib : timers.obj (.text:prvProcessExpiredTimer)
                  00005c28    0000007c     msp432p4xx_driverlib.lib : cs.o (.text:_CSGetDOCFrequency)
                  00005ca4    0000007c     bluetooth.obj (.text:bluetooth_init)
                  00005d20    0000007c     bluetooth.obj (.text:bluetooth_send)
                  00005d9c    0000007c     drivers_msp432p401x.aem4f : PWMTimerMSP432.oem4f (.text:setConstraints)
                  00005e18    0000007c     sim33eau.obj (.text:str_to_uint8)
                  00005e94    0000007a     freertos_builds_MSP_EXP432P401R_release_ccs.lib : pthread.obj (.text:removeThreadKeys)
                  00005f0e    0000007a     rtsv7M4_T_le_v4SPD16_eabi.lib : memset_t2.asm.obj (.text)
                  00005f88    0000007a     sim33eau.obj (.text:str_to_uint16)
                  00006002    0000007a     freertos_builds_MSP_EXP432P401R_release_ccs.lib : tasks.obj (.text:xTaskCreate)
                  0000607c    00000078     drivers_msp432p401x.aem4f : TimerMSP432.oem4f (.text:TimerMSP432_allocateTimerResource)
                  000060f4    00000078     freertos_builds_MSP_EXP432P401R_release_ccs.lib : timers.obj (.text:prvInsertTimerInActiveList)
                  0000616c    00000078     gpsTimer.obj (.text:timerCallback)
                  000061e4    00000078     freertos_builds_MSP_EXP432P401R_release_ccs.lib : port.obj (.text:vPortSetupTimerInterrupt)
                  0000625c    00000074                                                     : tasks.obj (.text:prvInitialiseTaskLists)
                  000062d0    00000074                                                     : port.obj (.text:vPortValidateInterruptPriority)
                  00006344    00000072     GPS.obj (.text:setTime)
                  000063b6    00000070     drivers_msp432p401x.aem4f : UARTMSP432.oem4f (.text:UARTMSP432_writeCancel)
                  00006426    00000002     freertos_builds_MSP_EXP432P401R_release_ccs.lib : startup_msp432_ccs.obj (.text:faultISR)
                  00006428    00000070                                                     : ClockP_freertos.obj (.text:setClockObjTimeout)
                  00006498    0000006e     rtsv7M4_T_le_v4SPD16_eabi.lib : fd_tos_t2.asm.obj (.text)
                  00006506    0000006a     drivers_msp432p401x.aem4f : PWMTimerMSP432.oem4f (.text:perfChangeNotifyFxn)
                  00006570    00000068                               : GPIOMSP432.oem4f (.text:GPIO_hwiIntFxn)
                  000065d8    00000068                               : PowerMSP432.oem4f (.text:PowerMSP432_getFreqs)
                  00006640    00000068     rtsv7M4_T_le_v4SPD16_eabi.lib : copy_decompress_lzss.c.obj (.text:decompress:lzss:__TI_decompress_lzss)
                  000066a8    00000068     drivers_msp432p401x.aem4f : PWMTimerMSP432.oem4f (.text:initHw)
                  00006710    00000068     PressureSensor.obj (.text:pressureSensorCallback)
                  00006778    00000068     ipia.obj (.text:pressureSensorThread)
                  000067e0    00000066     freertos_builds_MSP_EXP432P401R_release_ccs.lib : timers.obj (.text:prvInitialiseNewTimer)
                  00006846    00000066                                                     : list.obj (.text:vListInsert)
                  000068ac    00000064                                                     : ClockP_freertos.obj (.text:ClockP_stop)
                  00006910    00000064                                                     : tasks.obj (.text:prvGetExpectedIdleTime)
                  00006974    00000062     msp432p4xx_driverlib.lib : cs.o (.text:_CSGetDividerValue)
                  000069d6    00000002     freertos_builds_MSP_EXP432P401R_release_ccs.lib : startup_msp432_ccs.obj (.text:nmiISR)
                  000069d8    00000060     drivers_msp432p401x.aem4f : ADCMSP432.oem4f (.text:ADCMSP432_convertToMicroVolts)
                  00006a38    00000060                               : GPIOMSP432.oem4f (.text:GPIO_setCallback)
                  00006a98    00000060     freertos_builds_MSP_EXP432P401R_release_ccs.lib : HwiPMSP432_freertos.obj (.text:HwiP_create)
                  00006af8    00000060                                                     : port.obj (.text:pxPortInitialiseStack)
                  00006b58    00000060                                                     : queue.obj (.text:xQueueGenericCreate)
                  00006bb8    0000005c     msp432p4xx_driverlib.lib : interrupt.o (.text:Interrupt_registerInterrupt)
                  00006c14    0000005c     freertos_builds_MSP_EXP432P401R_release_ccs.lib : tasks.obj (.text:prvIdleTask)
                  00006c70    0000005c                                                     : pthread.obj (.text:pthread_exit)
                  00006ccc    0000005c                                                     : queue.obj (.text:vQueueWaitForMessageRestricted)
                  00006d28    0000005c                                                     : tasks.obj (.text:vTaskDelay)
                  00006d84    0000005a     drivers_msp432p401x.aem4f : ADCMSP432.oem4f (.text:initHw)
                  00006dde    00000002     rtsv7M4_T_le_v4SPD16_eabi.lib : div0.asm.obj (.text)
                  00006de0    00000058     drivers_msp432p401x.aem4f : GPIOMSP432.oem4f (.text:GPIO_write)
                  00006e38    00000058                               : UARTMSP432.oem4f (.text:readIsrBinaryBlocking)
                  00006e90    00000058     freertos_builds_MSP_EXP432P401R_release_ccs.lib : queue.obj (.text:xQueueCreateCountingSemaphore)
                  00006ee8    00000056                                                     : SemaphoreP_freertos.obj (.text:SemaphoreP_create)
                  00006f3e    00000002     main_freertos.obj (.text:vApplicationMallocFailedHook)
                  00006f40    00000054     freertos_builds_MSP_EXP432P401R_release_ccs.lib : ClockP_freertos.obj (.text:ClockP_delete)
                  00006f94    00000054     msp432p4xx_driverlib.lib : interrupt.o (.text:Interrupt_setPriority)
                  00006fe8    00000054     drivers_msp432p401x.aem4f : TimerMSP432.oem4f (.text:TimerMSP432_freeTimerResource)
                  0000703c    00000054     freertos_builds_MSP_EXP432P401R_release_ccs.lib : timers.obj (.text:xTimerCreateTimerTask)
                  00007090    00000050     SG90.obj (.text:SG90_init)
                  000070e0    00000050     drivers_msp432p401x.aem4f : TimerMSP432.oem4f (.text:TimerMSP432_hwiIntFunction)
                  00007130    00000050     freertos_builds_MSP_EXP432P401R_release_ccs.lib : semaphore.obj (.text:sem_init)
                  00007180    0000004e     drivers_msp432p401x.aem4f : TimerMSP432.oem4f (.text:TimerMSP432_close)
                  000071ce    00000002     --HOLE-- [fill = 0]
                  000071d0    0000004c     freertos_builds_MSP_EXP432P401R_release_ccs.lib : timers.obj (.text:prvCheckForValidListAndQueue)
                  0000721c    0000004c                                                     : tasks.obj (.text:prvCheckTasksWaitingTermination)
                  00007268    0000004c     drivers_msp432p401x.aem4f : UARTMSP432.oem4f (.text:readIsrBinaryCallback)
                  000072b4    0000004c     freertos_builds_MSP_EXP432P401R_release_ccs.lib : port.obj (.text:vPortEnterCritical)
                  00007300    0000004c                                                     : tasks.obj (.text:vTaskSetThreadLocalStoragePointer)
                  0000734c    00000048                                                     : HwiPMSP432_freertos.obj (.text:HwiP_dispatch)
                  00007394    00000048     drivers_msp432p401x.aem4f : PowerMSP432.oem4f (.text:Power_releaseConstraint)
                  000073dc    00000048     rtsv7M4_T_le_v4SPD16_eabi.lib : fd_toi_t2.asm.obj (.text)
                  00007424    00000048     freertos_builds_MSP_EXP432P401R_release_ccs.lib : sleep.obj (.text:sleep)
                  0000746c    00000048                                                     : list.obj (.text:uxListRemove)
                  000074b4    00000046     drivers_msp432p401x.aem4f : RingBuf.oem4f (.text:RingBuf_put)
                  000074fa    00000046     GPS.obj (.text:setCoordinates)
                  00007540    00000044     drivers_msp432p401x.aem4f : ADC.oem4f (.text:ADC_init)
                  00007584    00000044                               : PWM.oem4f (.text:PWM_init)
                  000075c8    00000044                               : Timer.oem4f (.text:Timer_init)
                  0000760c    00000044                               : UART.oem4f (.text:UART_init)
                  00007650    00000044     rtsv7M4_T_le_v4SPD16_eabi.lib : autoinit.c.obj (.text:__TI_auto_init_nobinit_nopinit:__TI_auto_init_nobinit_nopinit)
                  00007694    00000044     freertos_builds_MSP_EXP432P401R_release_ccs.lib : queue.obj (.text:prvInitialiseNewQueue)
                  000076d8    00000044     sim33eau.obj (.text:setSysTime)
                  0000771c    00000040     drivers_msp432p401x.aem4f : ADCMSP432.oem4f (.text:ADCMSP432_close)
                  0000775c    00000040                               : ADC.oem4f (.text:ADC_open)
                  0000779c    00000040     gpsTimer.obj (.text:GPS_TIMER_init)
                  000077dc    00000040     drivers_msp432p401x.aem4f : PWM.oem4f (.text:PWM_open)
                  0000781c    00000040                               : RingBuf.oem4f (.text:RingBuf_get)
                  0000785c    00000040                               : Timer.oem4f (.text:Timer_open)
                  0000789c    00000040                               : UARTMSP432.oem4f (.text:UARTMSP432_read)
                  000078dc    00000040                               : UART.oem4f (.text:UART_open)
                  0000791c    00000040     freertos_builds_MSP_EXP432P401R_release_ccs.lib : aeabi_portable.obj (.text:__aeabi_errno_addr)
                  0000795c    00000040     drivers_msp432p401x.aem4f : PWMTimerMSP432.oem4f (.text:getDutyCounts)
                  0000799c    00000040                               : PWMTimerMSP432.oem4f (.text:getPeriodCounts)
                  000079dc    00000040                               : UARTMSP432.oem4f (.text:perfChangeNotifyFxn)
                  00007a1c    00000040     freertos_builds_MSP_EXP432P401R_release_ccs.lib : tasks.obj (.text:vTaskPlaceOnEventListRestricted)
                  00007a5c    0000003e                                                     : ClockP_freertos.obj (.text:ClockP_callbackFxn)
                  00007a9a    0000003e                                                     : pthread.obj (.text:pthread_setcancelstate)
                  00007ad8    0000003e                                                     : semaphore.obj (.text:sem_post)
                  00007b16    0000003c                                                     : queue.obj (.text:prvCopyDataFromQueue)
                  00007b52    00000002     --HOLE-- [fill = 0]
                  00007b54    0000003c                                                     : tasks.obj (.text:prvResetNextTaskUnblockTime)
                  00007b90    0000003c                                                     : tasks.obj (.text:pvTaskGetThreadLocalStoragePointer)
                  00007bcc    0000003c                                                     : sleep.obj (.text:usleep)
                  00007c08    0000003c                                                     : list.obj (.text:vListInsertEnd)
                  00007c44    0000003c                                                     : timers.obj (.text:xTimerCreate)
                  00007c80    0000003a                                                     : PowerMSP432_freertos.obj (.text:PowerMSP432_sleepPolicy)
                  00007cba    00000002     --HOLE-- [fill = 0]
                  00007cbc    00000038     drivers_msp432p401x.aem4f : PowerMSP432.oem4f (.text:Power_setConstraint)
                  00007cf4    00000038                               : TimerMSP432.oem4f (.text:TimerMSP432_getCount)
                  00007d2c    00000038                               : PowerMSP432.oem4f (.text:notify)
                  00007d64    00000038     freertos_builds_MSP_EXP432P401R_release_ccs.lib : timers.obj (.text:prvGetNextExpireTime)
                  00007d9c    00000038                                                     : port.obj (.text:prvTaskExitError)
                  00007dd4    00000036     drivers_msp432p401x.aem4f : UARTMSP432.oem4f (.text:UARTMSP432_readCancel)
                  00007e0a    00000002     --HOLE-- [fill = 0]
                  00007e0c    00000034     PressureSensor.obj (.text:Pressure_Sensor_Timer_init)
                  00007e40    00000034     freertos_builds_MSP_EXP432P401R_release_ccs.lib : SemaphoreP_freertos.obj (.text:SemaphoreP_pend)
                  00007e74    00000034     rtsv7M4_T_le_v4SPD16_eabi.lib : boot_cortex_m.c.obj (.text:_c_int00_noargs:_c_int00_noargs)
                  00007ea8    00000034     freertos_builds_MSP_EXP432P401R_release_ccs.lib : timers.obj (.text:prvSampleTimeNow)
                  00007edc    00000034                                                     : tasks.obj (.text:vTaskPlaceOnEventList)
                  00007f10    00000030     drivers_msp432p401x.aem4f : ADCMSP432.oem4f (.text:ADCMSP432_init)
                  00007f40    00000030     msp432p4xx_driverlib.lib : cs.o (.text:CS_clearInterruptFlag)
                  00007f70    00000030     PressureSensor.obj (.text:Pressure_Sensor_init)
                  00007fa0    00000030     drivers_msp432p401x.aem4f : PWMTimerMSP432.oem4f (.text:mapPin)
                  00007fd0    00000030                               : UARTMSP432.oem4f (.text:mapPin)
                  00008000    00000030     freertos_builds_MSP_EXP432P401R_release_ccs.lib : list.obj (.text:vListInitialise)
                  00008030    00000030                                                     : port.obj (.text:vPortExitCritical)
                  00008060    00000030                                                     : tasks.obj (.text:xTaskGetSchedulerState)
                  00008090    0000002e                                                     : timers.obj (.text:pvTimerGetTimerID)
                  000080be    0000002e     rtsv7M4_T_le_v4SPD16_eabi.lib : i_tofd_t2.asm.obj (.text)
                  000080ec    0000002c     freertos_builds_MSP_EXP432P401R_release_ccs.lib : HwiPMSP432_freertos.obj (.text:HwiP_disable)
                  00008118    0000002c     PressureSensor.obj (.text:Pressure_Sensor_start)
                  00008144    0000002c     freertos_builds_MSP_EXP432P401R_release_ccs.lib : SemaphoreP_freertos.obj (.text:SemaphoreP_createBinary)
                  00008170    0000002c     drivers_msp432p401x.aem4f : TimerMSP432.oem4f (.text:perfChangeNotifyFxn)
                  0000819c    0000002c     freertos_builds_MSP_EXP432P401R_release_ccs.lib : tasks.obj (.text:vTaskSetApplicationTaskTag)
                  000081c8    0000002c                                                     : port.obj (.text:xPortSysTickHandler)
                  000081f4    00000028     msp432p4xx_driverlib.lib : adc14.o (.text:ADC14_getResult)
                  0000821c    00000028                              : cs.o (.text:CS_getMCLK)
                  00008244    00000028     freertos_builds_MSP_EXP432P401R_release_ccs.lib : HwiPMSP432_freertos.obj (.text:HwiP_inISR)
                  0000826c    00000028     drivers_msp432p401x.aem4f : PowerMSP432.oem4f (.text:Power_registerNotify)
                  00008294    00000028                               : PowerMSP432.oem4f (.text:disableFaultCounter)
                  000082bc    00000028                               : PowerMSP432.oem4f (.text:disableHFXT)
                  000082e4    00000028                               : UARTMSP432.oem4f (.text:findBaudDividerIndex)
                  0000830c    00000028     freertos_builds_MSP_EXP432P401R_release_ccs.lib : pthread.obj (.text:pthread_attr_setschedparam)
                  00008334    00000028                                                     : tasks.obj (.text:xTaskGetApplicationTaskTag)
                  0000835c    00000026     drivers_msp432p401x.aem4f : List.oem4f (.text:List_put)
                  00008382    00000026                               : List.oem4f (.text:List_remove)
                  000083a8    00000026     freertos_builds_MSP_EXP432P401R_release_ccs.lib : pthread.obj (.text:_pthread_cleanup_pop)
                  000083ce    00000026     bluetooth.obj (.text:bluetooth_char)
                  000083f4    00000026     bluetooth.obj (.text:bluetooth_string)
                  0000841a    00000026     freertos_builds_MSP_EXP432P401R_release_ccs.lib : queue.obj (.text:prvIsQueueFull)
                  00008440    00000026     drivers_msp432p401x.aem4f : PWMTimerMSP432.oem4f (.text:releaseConstraints)
                  00008466    00000024     ipia.obj (.text:gpsThread)
                  0000848a    00000024     freertos_builds_MSP_EXP432P401R_release_ccs.lib : queue.obj (.text:prvGetDisinheritPriorityAfterTimeout)
                  000084ae    00000024                                                     : queue.obj (.text:vQueueDelete)
                  000084d2    00000002     --HOLE-- [fill = 0]
                  000084d4    00000024                                                     : tasks.obj (.text:vTaskInternalSetTimeOutState)
                  000084f8    00000022                                                     : SemaphoreP_freertos.obj (.text:SemaphoreP_post)
                  0000851a    00000022                                                     : pthread.obj (.text:pthread_attr_setdetachstate)
                  0000853c    00000020     msp432p4xx_driverlib.lib : cs.o (.text:CS_setExternalClockSourceFrequency)
                  0000855c    00000020     freertos_builds_MSP_EXP432P401R_release_ccs.lib : HwiPMSP432_freertos.obj (.text:HwiP_restore)
                  0000857c    00000020     drivers_msp432p401x.aem4f : PowerMSP432.oem4f (.text:Power_unregisterNotify)
                  0000859c    00000020                               : RingBuf.oem4f (.text:RingBuf_peek)
                  000085bc    00000020     freertos_builds_MSP_EXP432P401R_release_ccs.lib : queue.obj (.text:prvIsQueueEmpty)
                  000085dc    00000020                                                     : semaphore.obj (.text:semaphorePend)
                  000085fc    0000001e                                                     : ClockP_freertos.obj (.text:ClockP_start)
                  0000861a    0000001e                                                     : HwiPMSP432_freertos.obj (.text:HwiP_Params_init)
                  00008638    0000001e     SG90.obj (.text:SG90_setDuty)
                  00008656    0000001e     freertos_builds_MSP_EXP432P401R_release_ccs.lib : pthread.obj (.text:_pthread_runStub)
                  00008674    0000001e     drivers_msp432p401x.aem4f : PWMTimerMSP432.oem4f (.text:corroboratePeriod)
                  00008692    0000001c     freertos_builds_MSP_EXP432P401R_release_ccs.lib : ClockP_freertos.obj (.text:ClockP_Params_init)
                  000086ae    00000002     --HOLE-- [fill = 0]
                  000086b0    0000001c     gpsTimer.obj (.text:GPS_TIMER_start)
                  000086cc    0000001c     msp432p4xx_driverlib.lib : interrupt.o (.text:Interrupt_unregisterInterrupt)
                  000086e8    0000001c     freertos_builds_MSP_EXP432P401R_release_ccs.lib : pthread.obj (.text:pthread_attr_init)
                  00008704    0000001c                                                     : tasks.obj (.text:pvTaskIncrementMutexHeldCount)
                  00008720    0000001a                                                     : PTLS.obj (.text:PTLS_taskDeleteHook)
                  0000873a    0000001a                                                     : timers.obj (.text:prvTimerTask)
                  00008754    00000018     msp432p4xx_driverlib.lib : sysctl_a.o (.text:SysCtl_A_disableNMISource)
                  0000876c    00000018                              : sysctl_a.o (.text:SysCtl_A_enableNMISource)
                  00008784    00000018     drivers_msp432p401x.aem4f : UART.oem4f (.text:UART_Params_init)
                  0000879c    00000018                               : PWMTimerMSP432.oem4f (.text:corroborateDuty)
                  000087b4    00000018     freertos_builds_MSP_EXP432P401R_release_ccs.lib : semaphore.obj (.text:sem_wait)
                  000087cc    00000016                                                     : ClockP_freertos.obj (.text:ClockP_setTimeout)
                  000087e2    00000016                                                     : PTLS.obj (.text:PTLS_getBuf)
                  000087f8    00000016                                                     : PTLS.obj (.text:PTLS_setBuf)
                  0000880e    00000016                                                     : SemaphoreP_freertos.obj (.text:SemaphoreP_Params_init)
                  00008824    00000014     drivers_msp432p401x.aem4f : PWM.oem4f (.text:PWM_Params_init)
                  00008838    00000014                               : PowerMSP432.oem4f (.text:Power_idleFunc)
                  0000884c    00000014                               : UARTMSP432.oem4f (.text:clearTXCPTIFG)
                  00008860    00000014     freertos_builds_MSP_EXP432P401R_release_ccs.lib : tasks.obj (.text:prvDeleteTCB)
                  00008874    00000014                                                     : pthread.obj (.text:pthread_attr_setstacksize)
                  00008888    00000014                                                     : pthread.obj (.text:pthread_self)
                  0000889c    00000014                                                     : startup_msp432_ccs.obj (.text:resetISR)
                  000088b0    00000014     rtsv7M4_T_le_v4SPD16_eabi.lib : strlen.c.obj (.text:strlen)
                  000088c4    00000014     freertos_builds_MSP_EXP432P401R_release_ccs.lib : tasks.obj (.text:xTaskGetCurrentTaskHandle)
                  000088d8    00000014                                                     : tasks.obj (.text:xTaskGetTickCount)
                  000088ec    00000012                                                     : HwiPMSP432_freertos.obj (.text:HwiP_delete)
                  000088fe    00000012     drivers_msp432p401x.aem4f : RingBuf.oem4f (.text:RingBuf_construct)
                  00008910    00000010     msp432p4xx_driverlib.lib : adc14.o (.text:ADCIsConversionRunning)
                  00008920    00000010     drivers_msp432p401x.aem4f : PowerMSP432.oem4f (.text:PowerMSP432_getNumPerfLevels)
                  00008930    00000010     msp432p4xx_driverlib.lib : sysctl_a.o (.text:SysCtl_A_getNMISourceStatus)
                  00008940    00000010                              : sysctl.o (.text:SysCtl_getNMISourceStatus)
                  00008950    00000010     drivers_msp432p401x.aem4f : Timer.oem4f (.text:Timer_Params_init)
                  00008960    00000010                               : UARTMSP432.oem4f (.text:readBlockingTimeout)
                  00008970    00000010     freertos_builds_MSP_EXP432P401R_release_ccs.lib : list.obj (.text:vListInitialiseItem)
                  00008980    00000010                                                     : tasks.obj (.text:vTaskSuspendAll)
                  00008990    0000000e     rtsv7M4_T_le_v4SPD16_eabi.lib : copy_decompress_none.c.obj (.text:decompress:none:__TI_decompress_none)
                  0000899e    0000000c     ti_drivers_config.obj (.text:Board_init)
                  000089aa    0000000c     msp432p4xx_driverlib.lib : cpu.o (.text:CPU_cpsid)
                  000089b6    0000000c                              : cpu.o (.text:CPU_cpsie)
                  000089c2    0000000c     sim33eau.obj (.text:GPS_stop)
                  000089ce    00000002     --HOLE-- [fill = 0]
                  000089d0    0000000c     drivers_msp432p401x.aem4f : PowerMSP432.oem4f (.text:Power_getConstraintMask)
                  000089dc    0000000c                               : PowerMSP432.oem4f (.text:Power_getPerformanceLevel)
                  000089e8    0000000c     SG90.obj (.text:SG90_start)
                  000089f4    0000000c     freertos_builds_MSP_EXP432P401R_release_ccs.lib : SemaphoreP_freertos.obj (.text:SemaphoreP_delete)
                  00008a00    0000000c     rtsv7M4_T_le_v4SPD16_eabi.lib : copy_zero_init.c.obj (.text:decompress:ZI:__TI_zero_init)
                  00008a0c    0000000c     freertos_builds_MSP_EXP432P401R_release_ccs.lib : tasks.obj (.text:vTaskMissedYield)
                  00008a18    0000000a     drivers_msp432p401x.aem4f : ADC.oem4f (.text:ADC_Params_init)
                  00008a22    0000000a                               : ADC.oem4f (.text:ADC_convert)
                  00008a2c    0000000a                               : PWM.oem4f (.text:PWM_setDuty)
                  00008a36    0000000a                               : PWM.oem4f (.text:PWM_start)
                  00008a40    0000000a     freertos_builds_MSP_EXP432P401R_release_ccs.lib : PowerMSP432_freertos.obj (.text:PowerMSP432_updateFreqs)
                  00008a4a    0000000a     drivers_msp432p401x.aem4f : Timer.oem4f (.text:Timer_start)
                  00008a54    0000000a                               : UART.oem4f (.text:UART_read)
                  00008a5e    0000000a                               : UART.oem4f (.text:UART_write)
                  00008a68    0000000a     main_freertos.obj (.text:vApplicationStackOverflowHook)
                  00008a72    0000000a     freertos_builds_MSP_EXP432P401R_release_ccs.lib : PowerMSP432_freertos.obj (.text:vPortSuppressTicksAndSleep)
                  00008a7c    00000008     drivers_msp432p401x.aem4f : UARTMSP432.oem4f (.text:readSemCallback)
                  00008a84    00000008                               : UARTMSP432.oem4f (.text:txcptEnabledStatus)
                  00008a8c    00000008                               : UARTMSP432.oem4f (.text:writeSemCallback)
                  00008a94    00000006                               : ADCMSP432.oem4f (.text:ADCMSP432_control)
                  00008a9a    00000006                               : PWMTimerMSP432.oem4f (.text:PWMTimerMSP432_control)
                  00008aa0    00000006                               : PWMTimerMSP432.oem4f (.text:PWMTimerMSP432_setDutyAndPeriod)
                  00008aa6    00000006                               : TimerMSP432.oem4f (.text:TimerMSP432_control)
                  00008aac    00000004     rtsv7M4_T_le_v4SPD16_eabi.lib : pre_init.c.obj (.text:_system_pre_init)
                  00008ab0    00000004                                   : exit.c.obj (.text:abort:abort)

.const     0    00008ab4    00000446     
                  00008ab4    00000084     ti_drivers_config.obj (.const:uartMSP432HWAttrs)
                  00008b38    00000080     msp432p4xx_driverlib.lib : adc14.o (.const:_ctlRegs)
                  00008bb8    00000050                              : interrupt.o (.const:g_pulRegs)
                  00008c08    00000050     drivers_msp432p401x.aem4f : TimerMSP432.oem4f (.const:timerADividers)
                  00008c58    00000050     ti_drivers_config.obj (.const:uartMSP432Baudrates)
                  00008ca8    00000038     ti_drivers_config.obj (.const:PowerMSP432_config)
                  00008ce0    00000028     drivers_msp432p401x.aem4f : UARTMSP432.oem4f (.const:UARTMSP432_fxnTable)
                  00008d08    00000024                               : PWMTimerMSP432.oem4f (.const:PWMTimerMSP432_fxnTable)
                  00008d2c    00000024     ti_drivers_config.obj (.const:UART_config)
                  00008d50    00000024     drivers_msp432p401x.aem4f : UART.oem4f (.const:UART_defaultParams)
                  00008d74    00000020     ti_drivers_config.obj (.const:TimerMSP432HWAttrs)
                  00008d94    00000020     drivers_msp432p401x.aem4f : TimerMSP432.oem4f (.const:TimerMSP432_Timer_A_fxnTable)
                  00008db4    00000020     ti_drivers_config.obj (.const:adcMSP432HWAttrs)
                  00008dd4    00000020     drivers_msp432p401x.aem4f : UARTMSP432.oem4f (.const:staticFxnTable)
                  00008df4    00000018                               : ADCMSP432.oem4f (.const:ADCMSP432_fxnTable)
                  00008e0c    00000018     ti_drivers_config.obj (.const:ADC_config)
                  00008e24    00000018     ti_drivers_config.obj (.const:PWM_config)
                  00008e3c    00000018     drivers_msp432p401x.aem4f : PWM.oem4f (.const:PWM_defaultParams)
                  00008e54    00000018     ti_drivers_config.obj (.const:Timer_config)
                  00008e6c    00000014     ti_drivers_config.obj (.const:GPIOMSP432_config)
                  00008e80    00000010     drivers_msp432p401x.aem4f : PWMTimerMSP432.oem4f (.const:pwmTimerBaseAddr)
                  00008e90    00000010     ti_drivers_config.obj (.const:pwmTimerMSP432HWAttrs)
                  00008ea0    0000000c     drivers_msp432p401x.aem4f : Timer.oem4f (.const:defaultParams)
                  00008eac    0000000c                               : TimerMSP432.oem4f (.const:timer32Dividers)
                  00008eb8    00000008                               : ADC.oem4f (.const:ADC_defaultParams)
                  00008ec0    00000008     freertos_builds_MSP_EXP432P401R_release_ccs.lib : port.obj (.const)
                  00008ec8    00000008     msp432p4xx_driverlib.lib : interrupt.o (.const:g_pulDisRegs)
                  00008ed0    00000008                              : interrupt.o (.const:g_pulEnRegs)
                  00008ed8    00000006     drivers_msp432p401x.aem4f : GPIOMSP432.oem4f (.const:.string:interruptType)
                  00008ede    00000006                               : GPIOMSP432.oem4f (.const:.string:portInterruptIds)
                  00008ee4    00000005                               : UARTMSP432.oem4f (.const:.string:parityTypes)
                  00008ee9    00000005     ti_drivers_config.obj (.const)
                  00008eee    00000002     --HOLE-- [fill = 0]
                  00008ef0    00000004     freertos_builds_MSP_EXP432P401R_release_ccs.lib : pthread.obj (.const)
                  00008ef4    00000004     drivers_msp432p401x.aem4f : UARTMSP432.oem4f (.const:stopBits)
                  00008ef8    00000002     freertos_builds_MSP_EXP432P401R_release_ccs.lib : pthread.obj (.const:.string)

.cinit     0    00008f00    000000d0     
                  00008f00    0000009c     (.cinit..data.load) [load image, compression = lzss]
                  00008f9c    0000000c     (__TI_handler_table)
                  00008fa8    00000008     (.cinit..bss.load) [load image, compression = zero_init]
                  00008fb0    00000008     (.cinit..vtable.load) [load image, compression = zero_init]
                  00008fb8    00000018     (__TI_cinit_table)

.init_array 
*          0    00000000    00000000     UNINITIALIZED

.intvecs   0    00000000    00000144     
                  00000000    00000144     freertos_builds_MSP_EXP432P401R_release_ccs.lib : startup_msp432_ccs.obj (.intvecs:retain)

.bss       0    20000000    00008784     UNINITIALIZED
                  20000000    00008000     freertos_builds_MSP_EXP432P401R_release_ccs.lib : heap_4.obj (.bss:ucHeap)
                  20008000    00000200     (.common:bluetooth_buffer)
                  20008200    00000180     (.common:uartMSP432Objects)
                  20008380    000000c8                                                     : tasks.obj (.bss:pxReadyTasksLists)
                  20008448    00000080     ti_drivers_config.obj (.bss:uartMSP432RingBuffer1)
                  200084c8    00000068     (.common:timerMSP432Objects)
                  20008530    00000054     (.common:gpsData)
                  20008584    00000040     ti_drivers_config.obj (.bss:uartMSP432RingBuffer0)
                  200085c4    00000030     drivers_msp432p401x.aem4f : GPIOMSP432.oem4f (.bss:gpioCallbackInfo)
                  200085f4    0000002c     (.common:nmeaGnrmc)
                  20008620    00000020     ti_drivers_config.obj (.bss:uartMSP432RingBuffer2)
                  20008640    0000001c     (.common:pressureSensorSem)
                  2000865c    00000018     (.common:pwmTimerMSP432Objects)
                  20008674    00000014     freertos_builds_MSP_EXP432P401R_release_ccs.lib : timers.obj (.bss:xActiveTimerList1)
                  20008688    00000014                                                     : timers.obj (.bss:xActiveTimerList2)
                  2000869c    00000014                                                     : tasks.obj (.bss:xDelayedTaskList1)
                  200086b0    00000014                                                     : tasks.obj (.bss:xDelayedTaskList2)
                  200086c4    00000014                                                     : tasks.obj (.bss:xPendingReadyList)
                  200086d8    00000014                                                     : tasks.obj (.bss:xSuspendedTaskList)
                  200086ec    00000014                                                     : tasks.obj (.bss:xTasksWaitingTermination)
                  20008700    00000014     (.common:adcBuf)
                  20008714    00000004     GPS.obj (.bss)
                  20008718    00000010     (.common:coordinate)
                  20008728    0000000d     (.common:utcTime)
                  20008735    00000003     --HOLE--
                  20008738    00000008     freertos_builds_MSP_EXP432P401R_release_ccs.lib : tasks.obj (.bss)
                  20008740    00000008                                                     : timers.obj (.bss)
                  20008748    00000008     msp432p4xx_driverlib.lib : cs.o (.bss)
                  20008750    00000008     freertos_builds_MSP_EXP432P401R_release_ccs.lib : heap_4.obj (.bss:xStart)
                  20008758    00000006     (.common:sysTime)
                  2000875e    00000002     --HOLE--
                  20008760    00000004     drivers_msp432p401x.aem4f : GPIOMSP432.oem4f (.bss)
                  20008764    00000004     freertos_builds_MSP_EXP432P401R_release_ccs.lib : aeabi_portable.obj (.bss:main_reent)
                  20008768    00000004     drivers_msp432p401x.aem4f : TimerMSP432.oem4f (.bss:timerState)
                  2000876c    00000004     (.common:adcAvg)
                  20008770    00000004     (.common:adcHandle)
                  20008774    00000004     (.common:adcMSP432Objects)
                  20008778    00000004     (.common:bluetoothUartHandle)
                  2000877c    00000004     (.common:gpsTimerHandle)
                  20008780    00000004     (.common:gpsUartHandle)

.data      0    20008784    00000b42     UNINITIALIZED
                  20008784    00000800     freertos_builds_MSP_EXP432P401R_release_ccs.lib : HwiPMSP432_freertos.obj (.data:HwiP_dispatchTable)
                  20008f84    00000140     drivers_msp432p401x.aem4f : PowerMSP432.oem4f (.data:PowerMSP432_perfLevels)
                  200090c4    00000110                               : PWMTimerMSP432.oem4f (.data:pwmTimerStatus)
                  200091d4    00000034     freertos_builds_MSP_EXP432P401R_release_ccs.lib : tasks.obj (.data)
                  20009208    0000002c     drivers_msp432p401x.aem4f : PowerMSP432.oem4f (.data:PowerMSP432_module)
                  20009234    00000018     freertos_builds_MSP_EXP432P401R_release_ccs.lib : heap_4.obj (.data)
                  2000924c    00000018                                                     : port.obj (.data)
                  20009264    00000018     drivers_msp432p401x.aem4f : TimerMSP432.oem4f (.data:upConfig)
                  2000927c    00000014     freertos_builds_MSP_EXP432P401R_release_ccs.lib : pthread.obj (.data:defaultPthreadAttrs)
                  20009290    0000000c                                                     : timers.obj (.data)
                  2000929c    00000008     drivers_msp432p401x.aem4f : ADCMSP432.oem4f (.data)
                  200092a4    00000008     ti_drivers_config.obj (.data:gpioCallbackFunctions)
                  200092ac    00000008     ti_drivers_config.obj (.data:gpioPinConfigs)
                  200092b4    00000004     PressureSensor.obj (.data)
                  200092b8    00000004     freertos_builds_MSP_EXP432P401R_release_ccs.lib : ClockP_freertos.obj (.data)
                  200092bc    00000004                                                     : HwiPMSP432_freertos.obj (.data)
                  200092c0    00000002     drivers_msp432p401x.aem4f : GPIOMSP432.oem4f (.data)
                  200092c2    00000001                               : ADC.oem4f (.data)
                  200092c3    00000001                               : PWM.oem4f (.data)
                  200092c4    00000001                               : Timer.oem4f (.data)
                  200092c5    00000001                               : UART.oem4f (.data)

.sysmem    0    200092c8    00000010     UNINITIALIZED
                  200092c8    00000010     rtsv7M4_T_le_v4SPD16_eabi.lib : memory.c.obj (.sysmem)

.vtable    0    20009400    000000e8     UNINITIALIZED
                  20009400    000000e8     msp432p4xx_driverlib.lib : interrupt.o (.vtable)

.stack     0    2000fc00    00000400     UNINITIALIZED
                  2000fc00    00000004     rtsv7M4_T_le_v4SPD16_eabi.lib : boot_cortex_m.c.obj (.stack)
                  2000fc04    000003fc     --HOLE--

__llvm_prf_cnts 
*          0    20000000    00000000     UNINITIALIZED

.binit     0    00000000    00000000     

MODULE SUMMARY

       Module                       code    ro data   rw data
       ------                       ----    -------   -------
    .\
       bluetooth.obj                1098    0         1032   
       GPS.obj                      1390    0         8      
       sim33eau.obj                 810     0         0      
       gpsTimer.obj                 212     0         342    
       ipia.obj                     448     0         0      
       PressureSensor.obj           248     0         120    
       main_freertos.obj            160     0         0      
       SG90.obj                     122     0         0      
    +--+----------------------------+-------+---------+---------+
       Total:                       4488    0         1502   
                                                             
    .\syscfg\
       ti_drivers_config.obj        14      481       1512   
    +--+----------------------------+-------+---------+---------+
       Total:                       14      481       1512   
                                                             
    C:/Users/19152/Desktop/MSP432 FreeRTOS/freertos_builds_MSP_EXP432P401R_release_ccs/Debug/freertos_builds_MSP_EXP432P401R_release_ccs.lib
       heap_4.obj                   912     0         65600  
       tasks.obj                    4382    0         720    
       HwiPMSP432_freertos.obj      332     0         4104   
       queue.obj                    3098    0         0      
       timers.obj                   1562    0         120    
       pthread.obj                  798     6         40     
       port.obj                     764     8         48     
       ClockP_freertos.obj          598     0         8      
       startup_msp432_ccs.obj       26      324       0      
       list.obj                     298     0         0      
       SemaphoreP_freertos.obj      250     0         0      
       portasm.obj                  218     0         0      
       semaphore.obj                198     0         0      
       sleep.obj                    132     0         0      
       PowerMSP432_freertos.obj     80      0         0      
       aeabi_portable.obj           64      0         8      
       PTLS.obj                     70      0         0      
    +--+----------------------------+-------+---------+---------+
       Total:                       13782   338       70648  
                                                             
    C:/ti/simplelink_msp432p4_sdk_3_40_01_02/source/ti/devices/msp432p4xx/driverlib/ccs/msp432p4xx_driverlib.lib
       cs.o                         1522    0         16     
       interrupt.o                  462     96        464    
       adc14.o                      588     128       0      
       uart.o                       284     0         0      
       sysctl_a.o                   212     0         0      
       cpu.o                        24      0         0      
       sysctl.o                     16      0         0      
    +--+----------------------------+-------+---------+---------+
       Total:                       3108    224       480    
                                                             
    C:/ti/simplelink_msp432p4_sdk_3_40_01_02/source/ti/drivers/lib/drivers_msp432p401x.aem4f
       UARTMSP432.oem4f             3406    81        0      
       PowerMSP432.oem4f            2196    0         728    
       PWMTimerMSP432.oem4f         1992    52        544    
       TimerMSP432.oem4f            1806    124       56     
       GPIOMSP432.oem4f             828     12        108    
       ADCMSP432.oem4f              696     24        16     
       UART.oem4f                   176     36        2      
       PWM.oem4f                    172     24        2      
       RingBuf.oem4f                184     0         0      
       Timer.oem4f                  158     12        2      
       ADC.oem4f                    152     8         2      
       List.oem4f                   76      0         0      
    +--+----------------------------+-------+---------+---------+
       Total:                       11842   373       1460   
                                                             
    C:\ti\ccs1000\ccs\tools\compiler\ti-cgt-arm_20.2.0.LTS\lib\rtsv7M4_T_le_v4SPD16_eabi.lib
       fd_add_t2.asm.obj            438     0         0      
       fd_div_t2.asm.obj            310     0         0      
       fd_mul_t2.asm.obj            252     0         0      
       memcpy_t2.asm.obj            156     0         0      
       ull_div_t2.asm.obj           150     0         0      
       memset_t2.asm.obj            122     0         0      
       fd_tos_t2.asm.obj            110     0         0      
       copy_decompress_lzss.c.obj   104     0         0      
       fd_toi_t2.asm.obj            72      0         0      
       autoinit.c.obj               68      0         0      
       boot_cortex_m.c.obj          52      0         0      
       i_tofd_t2.asm.obj            46      0         0      
       strlen.c.obj                 20      0         0      
       copy_decompress_none.c.obj   14      0         0      
       copy_zero_init.c.obj         12      0         0      
       exit.c.obj                   4       0         0      
       pre_init.c.obj               4       0         0      
       div0.asm.obj                 2       0         0      
    +--+----------------------------+-------+---------+---------+
       Total:                       1936    0         0      
                                                             
       Heap:                        0       0         32     
       Stack:                       0       0         2048   
       Linker Generated:            0       208       0      
    +--+----------------------------+-------+---------+---------+
       Grand Total:                 35170   1624      77682  


LINKER GENERATED COPY TABLES

__TI_cinit_table @ 00008fb8 records: 3, size/record: 8, table size: 24
	.data: load addr=00008f00, load size=0000009c bytes, run addr=20008784, run size=00000b42 bytes, compression=lzss
	.bss: load addr=00008fa8, load size=00000008 bytes, run addr=20000000, run size=00008784 bytes, compression=zero_init
	.vtable: load addr=00008fb0, load size=00000008 bytes, run addr=20009400, run size=000000e8 bytes, compression=zero_init


LINKER GENERATED HANDLER TABLE

__TI_handler_table @ 00008f9c records: 3, size/record: 4, table size: 12
	index: 0, handler: __TI_decompress_lzss
	index: 1, handler: __TI_decompress_none
	index: 2, handler: __TI_zero_init


GLOBAL SYMBOLS: SORTED ALPHABETICALLY BY Name 

address   name                               
-------   ----                               
00004301  ADC14_configureConversionMemory    
000081f5  ADC14_getResult                    
0000771d  ADCMSP432_close                    
00008a95  ADCMSP432_control                  
00002aed  ADCMSP432_convert                  
000069d9  ADCMSP432_convertToMicroVolts      
00008df4  ADCMSP432_fxnTable                 
00007f11  ADCMSP432_init                     
000055e1  ADCMSP432_open                     
00008a19  ADC_Params_init                    
00008e0c  ADC_config                         
00008a23  ADC_convert                        
00008eea  ADC_count                          
00008eb8  ADC_defaultParams                  
00007541  ADC_init                           
0000775d  ADC_open                           
0000899f  Board_init                         
00001293  Board_initHook                     
00008ab1  C$$EXIT                            
000089ab  CPU_cpsid                          
000089b7  CPU_cpsie                          
00007f41  CS_clearInterruptFlag              
00002de1  CS_getDCOFrequency                 
0000821d  CS_getMCLK                         
0000853d  CS_setExternalClockSourceFrequency 
00002fc9  CS_startHFXTWithTimeout            
000030ad  CS_startLFXTWithTimeout            
00008693  ClockP_Params_init                 
00007a5d  ClockP_callbackFxn                 
00004c69  ClockP_create                      
00006f41  ClockP_delete                      
000087cd  ClockP_setTimeout                  
000085fd  ClockP_start                       
000068ad  ClockP_stop                        
00008ee9  Display_count                      
00008e6c  GPIOMSP432_config                  
00006571  GPIO_hwiIntFxn                     
0000472d  GPIO_init                          
00006a39  GPIO_setCallback                   
00001595  GPIO_setConfig                     
00006de1  GPIO_write                         
0000779d  GPS_TIMER_init                     
000086b1  GPS_TIMER_start                    
00005785  GPS_init                           
00003a09  GPS_read                           
000089c3  GPS_stop                           
0000861b  HwiP_Params_init                   
00006a99  HwiP_create                        
000088ed  HwiP_delete                        
000080ed  HwiP_disable                       
0000734d  HwiP_dispatch                      
20008784  HwiP_dispatchTable                 
00008245  HwiP_inISR                         
0000855d  HwiP_restore                       
00005aa9  Interrupt_disableInterrupt         
00005b29  Interrupt_enableInterrupt          
00006bb9  Interrupt_registerInterrupt        
00006f95  Interrupt_setPriority              
000086cd  Interrupt_unregisterInterrupt      
0000835d  List_put                           
00008383  List_remove                        
000087e3  PTLS_getBuf                        
000087f9  PTLS_setBuf                        
00008721  PTLS_taskDeleteHook                
0000580d  PWMTimerMSP432_close               
00008a9b  PWMTimerMSP432_control             
00008d08  PWMTimerMSP432_fxnTable            
000026e3  PWMTimerMSP432_init                
00000995  PWMTimerMSP432_open                
00005149  PWMTimerMSP432_setDuty             
00008aa1  PWMTimerMSP432_setDutyAndPeriod    
000024c5  PWMTimerMSP432_setPeriod           
0000591d  PWMTimerMSP432_start               
00004b21  PWMTimerMSP432_stop                
00008825  PWM_Params_init                    
00008e24  PWM_config                         
00008eeb  PWM_count                          
00008e3c  PWM_defaultParams                  
00007585  PWM_init                           
000077dd  PWM_open                           
00008a2d  PWM_setDuty                        
00008a37  PWM_start                          
00008ca8  PowerMSP432_config                 
000065d9  PowerMSP432_getFreqs               
00008921  PowerMSP432_getNumPerfLevels       
000035db  PowerMSP432_initPolicy             
20009208  PowerMSP432_module                 
20008f84  PowerMSP432_perfLevels             
00007c81  PowerMSP432_sleepPolicy            
00008a41  PowerMSP432_updateFreqs            
000089d1  Power_getConstraintMask            
000089dd  Power_getPerformanceLevel          
00008839  Power_idleFunc                     
00004da9  Power_init                         
0000826d  Power_registerNotify               
00007395  Power_releaseConstraint            
00007cbd  Power_setConstraint                
00000145  Power_sleep                        
0000857d  Power_unregisterNotify             
00007e0d  Pressure_Sensor_Timer_init         
00007f71  Pressure_Sensor_init               
00008119  Pressure_Sensor_start              
000088ff  RingBuf_construct                  
0000781d  RingBuf_get                        
0000859d  RingBuf_peek                       
000074b5  RingBuf_put                        
00007091  SG90_init                          
00008639  SG90_setDuty                       
000089e9  SG90_start                         
0000880f  SemaphoreP_Params_init             
00006ee9  SemaphoreP_create                  
00008145  SemaphoreP_createBinary            
000089f5  SemaphoreP_delete                  
00007e41  SemaphoreP_pend                    
000084f9  SemaphoreP_post                    
00008755  SysCtl_A_disableNMISource          
0000876d  SysCtl_A_enableNMISource           
00008931  SysCtl_A_getNMISourceStatus        
000051dd  SysCtl_A_getTLVInfo                
00008941  SysCtl_getNMISourceStatus          
00008d74  TimerMSP432HWAttrs                 
00008d94  TimerMSP432_Timer_A_fxnTable       
0000607d  TimerMSP432_allocateTimerResource  
00007181  TimerMSP432_close                  
00008aa7  TimerMSP432_control                
00006fe9  TimerMSP432_freeTimerResource      
00007cf5  TimerMSP432_getCount               
00003b9f  TimerMSP432_init                   
00001b35  TimerMSP432_open                   
00003d2d  TimerMSP432_setPeriod              
00003ba1  TimerMSP432_start                  
0000566d  TimerMSP432_stop                   
00008951  Timer_Params_init                  
00008e54  Timer_config                       
00008eec  Timer_count                        
000075c9  Timer_init                         
0000785d  Timer_open                         
00008a4b  Timer_start                        
00005399  UARTMSP432_close                   
000043b5  UARTMSP432_control                 
00008ce0  UARTMSP432_fxnTable                
00003ad5  UARTMSP432_hwiIntFxn               
0000472b  UARTMSP432_init                    
0000043d  UARTMSP432_open                    
0000789d  UARTMSP432_read                    
00007dd5  UARTMSP432_readCancel              
0000326d  UARTMSP432_readPolling             
000047d9  UARTMSP432_write                   
000063b7  UARTMSP432_writeCancel             
00004469  UARTMSP432_writePolling            
00008785  UART_Params_init                   
00008d2c  UART_config                        
00008eed  UART_count                         
00008d50  UART_defaultParams                 
0000760d  UART_init                          
0000228d  UART_initModule                    
000078dd  UART_open                          
00008a55  UART_read                          
00008a5f  UART_write                         
4000480c  WDTCTL_SYM                         
20010000  __STACK_END                        
00000400  __STACK_SIZE                       
00000010  __SYSMEM_SIZE                      
00008fb8  __TI_CINIT_Base                    
00008fd0  __TI_CINIT_Limit                   
00008f9c  __TI_Handler_Table_Base            
00008fa8  __TI_Handler_Table_Limit           
00007651  __TI_auto_init_nobinit_nopinit     
00006641  __TI_decompress_lzss               
00008991  __TI_decompress_none               
ffffffff  __TI_pprof_out_hndl                
ffffffff  __TI_prof_data_size                
ffffffff  __TI_prof_data_start               
00008f00  __TI_static_base__                 
00008a01  __TI_zero_init                     
00006499  __aeabi_d2f                        
000073dd  __aeabi_d2iz                       
000010e7  __aeabi_dadd                       
00001ef9  __aeabi_ddiv                       
00002be9  __aeabi_dmul                       
000010dd  __aeabi_dsub                       
0000791d  __aeabi_errno_addr                 
000080bf  __aeabi_i2d                        
00006ddf  __aeabi_idiv0                      
00006ddf  __aeabi_ldiv0                      
00005f0f  __aeabi_memclr                     
00005f0f  __aeabi_memclr4                    
00005f0f  __aeabi_memclr8                    
00004e45  __aeabi_memcpy                     
00004e45  __aeabi_memcpy4                    
00004e45  __aeabi_memcpy8                    
00005f11  __aeabi_memset                     
00005f11  __aeabi_memset4                    
00005f11  __aeabi_memset8                    
000050b3  __aeabi_uldivmod                   
ffffffff  __binit__                          
ffffffff  __c_args__                         
UNDEFED   __mpu_init                         
2000fc00  __stack                            
20000000  __start___llvm_prf_cnts            
20000000  __stop___llvm_prf_cnts             
00007e75  _c_int00_noargs                    
000083a9  _pthread_cleanup_pop               
200092c8  _sys_memory                        
UNDEFED   _system_post_cinit                 
00008aad  _system_pre_init                   
00008ab1  abort                              
2000876c  adcAvg                             
20008700  adcBuf                             
20008770  adcHandle                          
00008db4  adcMSP432HWAttrs                   
20008774  adcMSP432Objects                   
ffffffff  binit                              
20008778  bluetoothUartHandle                
20008000  bluetooth_buffer                   
000083cf  bluetooth_char                     
00001705  bluetooth_float                    
00005ca5  bluetooth_init                     
00005019  bluetooth_integer                  
00005d21  bluetooth_send                     
000028ed  bluetooth_sprintf                  
000083f5  bluetooth_string                   
20008718  coordinate                         
20009400  g_pfnRAMVectors                    
200092a4  gpioCallbackFunctions              
200092ac  gpioPinConfigs                     
20008530  gpsData                            
00008467  gpsThread                          
2000877c  gpsTimerHandle                     
20008780  gpsUartHandle                      
00000000  interruptVectors                   
00005551  isSubstring                        
000035dd  latitudeDegrees                    
000036b5  longitudeDegrees                   
00005271  main                               
00004e45  memcpy                             
00005f17  memset                             
200085f4  nmeaGnrmc                          
00006711  pressureSensorCallback             
20008640  pressureSensorSem                  
00006779  pressureSensorThread               
000086e9  pthread_attr_init                  
0000851b  pthread_attr_setdetachstate        
0000830d  pthread_attr_setschedparam         
00008875  pthread_attr_setstacksize          
00001dc1  pthread_create                     
00006c71  pthread_exit                       
00008889  pthread_self                       
00007a9b  pthread_setcancelstate             
00001295  pvPortMalloc                       
00007b91  pvTaskGetThreadLocalStoragePointer 
00008705  pvTaskIncrementMutexHeldCount      
00008091  pvTimerGetTimerID                  
00008e90  pwmTimerMSP432HWAttrs              
2000865c  pwmTimerMSP432Objects              
200091d4  pxCurrentTCB                       
00006af9  pxPortInitialiseStack              
0000889d  resetISR                           
00007131  sem_init                           
00007ad9  sem_post                           
000087b5  sem_wait                           
000074fb  setCoordinates                     
0000542d  setGnrmc                           
000076d9  setSysTime                         
00006345  setTime                            
00007425  sleep                              
00002031  solarTrackerThread                 
00000d6d  str_to_double                      
00005f89  str_to_uint16                      
00005e19  str_to_uint8                       
000088b1  strlen                             
20008758  sysTime                            
0000616d  timerCallback                      
200084c8  timerMSP432Objects                 
0000401d  token                              
20008200  uartMSP432Objects                  
00008ec0  ulMaxSyscallInterruptPriority      
00003511  ulPortGetIPSR                      
00007bcd  usleep                             
20008728  utcTime                            
0000746d  uxListRemove                       
00006f3f  vApplicationMallocFailedHook       
00008a69  vApplicationStackOverflowHook      
00008001  vListInitialise                    
00008971  vListInitialiseItem                
00006847  vListInsert                        
00007c09  vListInsertEnd                     
000035cd  vPortEnableVFP                     
000072b5  vPortEnterCritical                 
00008031  vPortExitCritical                  
000049d1  vPortFree                          
00003589  vPortSVCHandler                    
000061e5  vPortSetupTimerInterrupt           
000035a9  vPortStartFirstTask                
00008a73  vPortSuppressTicksAndSleep         
000062d1  vPortValidateInterruptPriority     
000084af  vQueueDelete                       
00006ccd  vQueueWaitForMessageRestricted     
00006d29  vTaskDelay                         
000029ed  vTaskDelete                        
000084d5  vTaskInternalSetTimeOutState       
00008a0d  vTaskMissedYield                   
00007edd  vTaskPlaceOnEventList              
00007a1d  vTaskPlaceOnEventListRestricted    
000027e9  vTaskPriorityDisinheritAfterTimeout
0000819d  vTaskSetApplicationTaskTag         
00007301  vTaskSetThreadLocalStoragePointer  
00005305  vTaskStartScheduler                
00002ce5  vTaskSuspend                       
00008981  vTaskSuspendAll                    
00003425  vTaskSwitchContext                 
00003529  xPortPendSVHandler                 
00003939  xPortStartScheduler                
000081c9  xPortSysTickHandler                
00006e91  xQueueCreateCountingSemaphore      
00006b59  xQueueGenericCreate                
00004249  xQueueGenericReset                 
00000f25  xQueueGenericSend                  
000025d9  xQueueGenericSendFromISR           
00002ed9  xQueueGiveFromISR                  
00001419  xQueueReceive                      
0000378d  xQueueReceiveFromISR               
00000b9d  xQueueSemaphoreTake                
000045cd  xTaskCheckForTimeOut               
00006003  xTaskCreate                        
00008335  xTaskGetApplicationTaskTag         
000088c5  xTaskGetCurrentTaskHandle          
00008061  xTaskGetSchedulerState             
000088d9  xTaskGetTickCount                  
00001c81  xTaskIncrementTick                 
0000318d  xTaskPriorityDisinherit            
00003865  xTaskPriorityInherit               
00004a79  xTaskRemoveFromEventList           
000023a9  xTaskResumeAll                     
00007c45  xTimerCreate                       
0000703d  xTimerCreateTimerTask              
00005a25  xTimerGenericCommand               


GLOBAL SYMBOLS: SORTED BY Symbol Address 

address   name                               
-------   ----                               
00000000  interruptVectors                   
00000010  __SYSMEM_SIZE                      
00000145  Power_sleep                        
00000400  __STACK_SIZE                       
0000043d  UARTMSP432_open                    
00000995  PWMTimerMSP432_open                
00000b9d  xQueueSemaphoreTake                
00000d6d  str_to_double                      
00000f25  xQueueGenericSend                  
000010dd  __aeabi_dsub                       
000010e7  __aeabi_dadd                       
00001293  Board_initHook                     
00001295  pvPortMalloc                       
00001419  xQueueReceive                      
00001595  GPIO_setConfig                     
00001705  bluetooth_float                    
00001b35  TimerMSP432_open                   
00001c81  xTaskIncrementTick                 
00001dc1  pthread_create                     
00001ef9  __aeabi_ddiv                       
00002031  solarTrackerThread                 
0000228d  UART_initModule                    
000023a9  xTaskResumeAll                     
000024c5  PWMTimerMSP432_setPeriod           
000025d9  xQueueGenericSendFromISR           
000026e3  PWMTimerMSP432_init                
000027e9  vTaskPriorityDisinheritAfterTimeout
000028ed  bluetooth_sprintf                  
000029ed  vTaskDelete                        
00002aed  ADCMSP432_convert                  
00002be9  __aeabi_dmul                       
00002ce5  vTaskSuspend                       
00002de1  CS_getDCOFrequency                 
00002ed9  xQueueGiveFromISR                  
00002fc9  CS_startHFXTWithTimeout            
000030ad  CS_startLFXTWithTimeout            
0000318d  xTaskPriorityDisinherit            
0000326d  UARTMSP432_readPolling             
00003425  vTaskSwitchContext                 
00003511  ulPortGetIPSR                      
00003529  xPortPendSVHandler                 
00003589  vPortSVCHandler                    
000035a9  vPortStartFirstTask                
000035cd  vPortEnableVFP                     
000035db  PowerMSP432_initPolicy             
000035dd  latitudeDegrees                    
000036b5  longitudeDegrees                   
0000378d  xQueueReceiveFromISR               
00003865  xTaskPriorityInherit               
00003939  xPortStartScheduler                
00003a09  GPS_read                           
00003ad5  UARTMSP432_hwiIntFxn               
00003b9f  TimerMSP432_init                   
00003ba1  TimerMSP432_start                  
00003d2d  TimerMSP432_setPeriod              
0000401d  token                              
00004249  xQueueGenericReset                 
00004301  ADC14_configureConversionMemory    
000043b5  UARTMSP432_control                 
00004469  UARTMSP432_writePolling            
000045cd  xTaskCheckForTimeOut               
0000472b  UARTMSP432_init                    
0000472d  GPIO_init                          
000047d9  UARTMSP432_write                   
000049d1  vPortFree                          
00004a79  xTaskRemoveFromEventList           
00004b21  PWMTimerMSP432_stop                
00004c69  ClockP_create                      
00004da9  Power_init                         
00004e45  __aeabi_memcpy                     
00004e45  __aeabi_memcpy4                    
00004e45  __aeabi_memcpy8                    
00004e45  memcpy                             
00005019  bluetooth_integer                  
000050b3  __aeabi_uldivmod                   
00005149  PWMTimerMSP432_setDuty             
000051dd  SysCtl_A_getTLVInfo                
00005271  main                               
00005305  vTaskStartScheduler                
00005399  UARTMSP432_close                   
0000542d  setGnrmc                           
00005551  isSubstring                        
000055e1  ADCMSP432_open                     
0000566d  TimerMSP432_stop                   
00005785  GPS_init                           
0000580d  PWMTimerMSP432_close               
0000591d  PWMTimerMSP432_start               
00005a25  xTimerGenericCommand               
00005aa9  Interrupt_disableInterrupt         
00005b29  Interrupt_enableInterrupt          
00005ca5  bluetooth_init                     
00005d21  bluetooth_send                     
00005e19  str_to_uint8                       
00005f0f  __aeabi_memclr                     
00005f0f  __aeabi_memclr4                    
00005f0f  __aeabi_memclr8                    
00005f11  __aeabi_memset                     
00005f11  __aeabi_memset4                    
00005f11  __aeabi_memset8                    
00005f17  memset                             
00005f89  str_to_uint16                      
00006003  xTaskCreate                        
0000607d  TimerMSP432_allocateTimerResource  
0000616d  timerCallback                      
000061e5  vPortSetupTimerInterrupt           
000062d1  vPortValidateInterruptPriority     
00006345  setTime                            
000063b7  UARTMSP432_writeCancel             
00006499  __aeabi_d2f                        
00006571  GPIO_hwiIntFxn                     
000065d9  PowerMSP432_getFreqs               
00006641  __TI_decompress_lzss               
00006711  pressureSensorCallback             
00006779  pressureSensorThread               
00006847  vListInsert                        
000068ad  ClockP_stop                        
000069d9  ADCMSP432_convertToMicroVolts      
00006a39  GPIO_setCallback                   
00006a99  HwiP_create                        
00006af9  pxPortInitialiseStack              
00006b59  xQueueGenericCreate                
00006bb9  Interrupt_registerInterrupt        
00006c71  pthread_exit                       
00006ccd  vQueueWaitForMessageRestricted     
00006d29  vTaskDelay                         
00006ddf  __aeabi_idiv0                      
00006ddf  __aeabi_ldiv0                      
00006de1  GPIO_write                         
00006e91  xQueueCreateCountingSemaphore      
00006ee9  SemaphoreP_create                  
00006f3f  vApplicationMallocFailedHook       
00006f41  ClockP_delete                      
00006f95  Interrupt_setPriority              
00006fe9  TimerMSP432_freeTimerResource      
0000703d  xTimerCreateTimerTask              
00007091  SG90_init                          
00007131  sem_init                           
00007181  TimerMSP432_close                  
000072b5  vPortEnterCritical                 
00007301  vTaskSetThreadLocalStoragePointer  
0000734d  HwiP_dispatch                      
00007395  Power_releaseConstraint            
000073dd  __aeabi_d2iz                       
00007425  sleep                              
0000746d  uxListRemove                       
000074b5  RingBuf_put                        
000074fb  setCoordinates                     
00007541  ADC_init                           
00007585  PWM_init                           
000075c9  Timer_init                         
0000760d  UART_init                          
00007651  __TI_auto_init_nobinit_nopinit     
000076d9  setSysTime                         
0000771d  ADCMSP432_close                    
0000775d  ADC_open                           
0000779d  GPS_TIMER_init                     
000077dd  PWM_open                           
0000781d  RingBuf_get                        
0000785d  Timer_open                         
0000789d  UARTMSP432_read                    
000078dd  UART_open                          
0000791d  __aeabi_errno_addr                 
00007a1d  vTaskPlaceOnEventListRestricted    
00007a5d  ClockP_callbackFxn                 
00007a9b  pthread_setcancelstate             
00007ad9  sem_post                           
00007b91  pvTaskGetThreadLocalStoragePointer 
00007bcd  usleep                             
00007c09  vListInsertEnd                     
00007c45  xTimerCreate                       
00007c81  PowerMSP432_sleepPolicy            
00007cbd  Power_setConstraint                
00007cf5  TimerMSP432_getCount               
00007dd5  UARTMSP432_readCancel              
00007e0d  Pressure_Sensor_Timer_init         
00007e41  SemaphoreP_pend                    
00007e75  _c_int00_noargs                    
00007edd  vTaskPlaceOnEventList              
00007f11  ADCMSP432_init                     
00007f41  CS_clearInterruptFlag              
00007f71  Pressure_Sensor_init               
00008001  vListInitialise                    
00008031  vPortExitCritical                  
00008061  xTaskGetSchedulerState             
00008091  pvTimerGetTimerID                  
000080bf  __aeabi_i2d                        
000080ed  HwiP_disable                       
00008119  Pressure_Sensor_start              
00008145  SemaphoreP_createBinary            
0000819d  vTaskSetApplicationTaskTag         
000081c9  xPortSysTickHandler                
000081f5  ADC14_getResult                    
0000821d  CS_getMCLK                         
00008245  HwiP_inISR                         
0000826d  Power_registerNotify               
0000830d  pthread_attr_setschedparam         
00008335  xTaskGetApplicationTaskTag         
0000835d  List_put                           
00008383  List_remove                        
000083a9  _pthread_cleanup_pop               
000083cf  bluetooth_char                     
000083f5  bluetooth_string                   
00008467  gpsThread                          
000084af  vQueueDelete                       
000084d5  vTaskInternalSetTimeOutState       
000084f9  SemaphoreP_post                    
0000851b  pthread_attr_setdetachstate        
0000853d  CS_setExternalClockSourceFrequency 
0000855d  HwiP_restore                       
0000857d  Power_unregisterNotify             
0000859d  RingBuf_peek                       
000085fd  ClockP_start                       
0000861b  HwiP_Params_init                   
00008639  SG90_setDuty                       
00008693  ClockP_Params_init                 
000086b1  GPS_TIMER_start                    
000086cd  Interrupt_unregisterInterrupt      
000086e9  pthread_attr_init                  
00008705  pvTaskIncrementMutexHeldCount      
00008721  PTLS_taskDeleteHook                
00008755  SysCtl_A_disableNMISource          
0000876d  SysCtl_A_enableNMISource           
00008785  UART_Params_init                   
000087b5  sem_wait                           
000087cd  ClockP_setTimeout                  
000087e3  PTLS_getBuf                        
000087f9  PTLS_setBuf                        
0000880f  SemaphoreP_Params_init             
00008825  PWM_Params_init                    
00008839  Power_idleFunc                     
00008875  pthread_attr_setstacksize          
00008889  pthread_self                       
0000889d  resetISR                           
000088b1  strlen                             
000088c5  xTaskGetCurrentTaskHandle          
000088d9  xTaskGetTickCount                  
000088ed  HwiP_delete                        
000088ff  RingBuf_construct                  
00008921  PowerMSP432_getNumPerfLevels       
00008931  SysCtl_A_getNMISourceStatus        
00008941  SysCtl_getNMISourceStatus          
00008951  Timer_Params_init                  
00008971  vListInitialiseItem                
00008981  vTaskSuspendAll                    
00008991  __TI_decompress_none               
0000899f  Board_init                         
000089ab  CPU_cpsid                          
000089b7  CPU_cpsie                          
000089c3  GPS_stop                           
000089d1  Power_getConstraintMask            
000089dd  Power_getPerformanceLevel          
000089e9  SG90_start                         
000089f5  SemaphoreP_delete                  
00008a01  __TI_zero_init                     
00008a0d  vTaskMissedYield                   
00008a19  ADC_Params_init                    
00008a23  ADC_convert                        
00008a2d  PWM_setDuty                        
00008a37  PWM_start                          
00008a41  PowerMSP432_updateFreqs            
00008a4b  Timer_start                        
00008a55  UART_read                          
00008a5f  UART_write                         
00008a69  vApplicationStackOverflowHook      
00008a73  vPortSuppressTicksAndSleep         
00008a95  ADCMSP432_control                  
00008a9b  PWMTimerMSP432_control             
00008aa1  PWMTimerMSP432_setDutyAndPeriod    
00008aa7  TimerMSP432_control                
00008aad  _system_pre_init                   
00008ab1  C$$EXIT                            
00008ab1  abort                              
00008ca8  PowerMSP432_config                 
00008ce0  UARTMSP432_fxnTable                
00008d08  PWMTimerMSP432_fxnTable            
00008d2c  UART_config                        
00008d50  UART_defaultParams                 
00008d74  TimerMSP432HWAttrs                 
00008d94  TimerMSP432_Timer_A_fxnTable       
00008db4  adcMSP432HWAttrs                   
00008df4  ADCMSP432_fxnTable                 
00008e0c  ADC_config                         
00008e24  PWM_config                         
00008e3c  PWM_defaultParams                  
00008e54  Timer_config                       
00008e6c  GPIOMSP432_config                  
00008e90  pwmTimerMSP432HWAttrs              
00008eb8  ADC_defaultParams                  
00008ec0  ulMaxSyscallInterruptPriority      
00008ee9  Display_count                      
00008eea  ADC_count                          
00008eeb  PWM_count                          
00008eec  Timer_count                        
00008eed  UART_count                         
00008f00  __TI_static_base__                 
00008f9c  __TI_Handler_Table_Base            
00008fa8  __TI_Handler_Table_Limit           
00008fb8  __TI_CINIT_Base                    
00008fd0  __TI_CINIT_Limit                   
20000000  __start___llvm_prf_cnts            
20000000  __stop___llvm_prf_cnts             
20008000  bluetooth_buffer                   
20008200  uartMSP432Objects                  
200084c8  timerMSP432Objects                 
20008530  gpsData                            
200085f4  nmeaGnrmc                          
20008640  pressureSensorSem                  
2000865c  pwmTimerMSP432Objects              
20008700  adcBuf                             
20008718  coordinate                         
20008728  utcTime                            
20008758  sysTime                            
2000876c  adcAvg                             
20008770  adcHandle                          
20008774  adcMSP432Objects                   
20008778  bluetoothUartHandle                
2000877c  gpsTimerHandle                     
20008780  gpsUartHandle                      
20008784  HwiP_dispatchTable                 
20008f84  PowerMSP432_perfLevels             
200091d4  pxCurrentTCB                       
20009208  PowerMSP432_module                 
200092a4  gpioCallbackFunctions              
200092ac  gpioPinConfigs                     
200092c8  _sys_memory                        
20009400  g_pfnRAMVectors                    
2000fc00  __stack                            
20010000  __STACK_END                        
4000480c  WDTCTL_SYM                         
ffffffff  __TI_pprof_out_hndl                
ffffffff  __TI_prof_data_size                
ffffffff  __TI_prof_data_start               
ffffffff  __binit__                          
ffffffff  __c_args__                         
ffffffff  binit                              
UNDEFED   __mpu_init                         
UNDEFED   _system_post_cinit                 

[337 symbols]
